MPLINK 5.08, LINKER
Linker Map File - Created Fri Aug 24 23:13:27 2018

                                 Section Info
                  Section       Type    Address   Location Size(Bytes)
                ---------  ---------  ---------  ---------  ---------
                   .org_0       code   0x000000    program   0x000004
                   .cinit    romdata   0x000004    program   0x000002
                   .org_1       code   0x000020    program   0x000016



                              Program Memory Usage 
                               Start         End      
                           ---------   ---------      
                            0x000000    0x000005      
                            0x000020    0x000035      
            28 out of 33048 program addresses used, program memory utilization is 0%



                              Symbols - Sorted by Name
                     Name    Address   Location    Storage File                     
                ---------  ---------  ---------  --------- ---------                
                 bascular   0x000026    program     static C:\Users\mynor\MPLABXProjects\Blik_18f4550.X\hola_mund018f4550.asm
                   inicio   0x000020    program     static C:\Users\mynor\MPLABXProjects\Blik_18f4550.X\hola_mund018f4550.asm
                  retardo   0x000028    program     static C:\Users\mynor\MPLABXProjects\Blik_18f4550.X\hola_mund018f4550.asm



                              Symbols - Sorted by Address
                     Name    Address   Location    Storage File                     
                ---------  ---------  ---------  --------- ---------                
                   inicio   0x000020    program     static C:\Users\mynor\MPLABXProjects\Blik_18f4550.X\hola_mund018f4550.asm
                 bascular   0x000026    program     static C:\Users\mynor\MPLABXProjects\Blik_18f4550.X\hola_mund018f4550.asm
                  retardo   0x000028    program     static C:\Users\mynor\MPLABXProjects\Blik_18f4550.X\hola_mund018f4550.asm


